[SUCCESSFULLY RUNNING COMMAND]: ./base64.out with error code: 0
[SUCCESSFULLY RUNNING COMMAND]: ./basename.out with error code: 0
[SUCCESSFULLY RUNNING COMMAND]: ./cat.out with error code: 0
[FAILED RUNNING COMMAND]: ./chcon.out with error code: 1
[FAILED RUNNING COMMAND]: ./chgrp.out with error code: 1
[FAILED RUNNING COMMAND]: ./chmod.out with error code: 1
[FAILED RUNNING COMMAND]: ./chown.out with error code: 1
[FAILED RUNNING COMMAND]: ./chroot.out with error code: 125
[SUCCESSFULLY RUNNING COMMAND]: ./cksum.out with error code: 0
[SUCCESSFULLY RUNNING COMMAND]: ./comm.out with error code: 0
[SUCCESSFULLY RUNNING COMMAND]: ./cp.out with error code: 0
[FAILED ERROR CODE MISMATCH]: ./csplit.out with error codes: -11 0
[SUCCESSFULLY RUNNING COMMAND]: ./cut.out with error code: 0
[SUCCESSFULLY RUNNING COMMAND]: ./dir.out with error code: 0
[SUCCESSFULLY RUNNING COMMAND]: ./dircolors.out with error code: 0
[SUCCESSFULLY RUNNING COMMAND]: ./dirname.out with error code: 0
[SUCCESSFULLY RUNNING COMMAND]: ./dd.out with error code: 0
[SUCCESSFULLY RUNNING COMMAND]: ./echo.out with error code: 0
[SUCCESSFULLY RUNNING COMMAND]: ./env.out with error code: 0
[SUCCESSFULLY RUNNING COMMAND]: ./expand.out with error code: 0
[FAILED RUNNING COMMAND]: ./false.out with error code: 1
[SUCCESSFULLY RUNNING COMMAND]: ./fmt.out with error code: 0
[SUCCESSFULLY RUNNING COMMAND]: ./fold.out with error code: 0
[SUCCESSFULLY RUNNING COMMAND]: ./groups.out with error code: 0
[SUCCESSFULLY RUNNING COMMAND]: ./hostid.out with error code: 0
[SUCCESSFULLY RUNNING COMMAND]: ./id.out with error code: 0
[SUCCESSFULLY RUNNING COMMAND]: ./install.out with error code: 0
[SUCCESSFULLY RUNNING COMMAND]: ./join.out with error code: 0
[FAILED RUNNING COMMAND]: ./link.out with error code: 1
[FAILED RUNNING COMMAND]: ./ln.out with error code: 1
[SUCCESSFULLY RUNNING COMMAND]: ./ls.out with error code: 0
[SUCCESSFULLY RUNNING COMMAND]: ./logname.out with error code: 0
[SUCCESSFULLY RUNNING COMMAND]: ./md5sum.out with error code: 0
[FAILED ERROR CODE MISMATCH]: ./mkdir.out with error codes: 0 1
[FAILED RUNNING COMMAND]: ./mkfifo.out with error code: 1
[FAILED RUNNING COMMAND]: ./mknod.out with error code: 1
[SUCCESSFULLY RUNNING COMMAND]: ./mktemp.out with error code: 0
[FAILED ERROR CODE MISMATCH]: ./mv.out with error codes: 0 1
[SUCCESSFULLY RUNNING COMMAND]: ./nice.out with error code: 0
[SUCCESSFULLY RUNNING COMMAND]: ./nl.out with error code: 0
[FAILED RUNNING COMMAND]: ./nohup.out with error code: 1
[SUCCESSFULLY RUNNING COMMAND]: ./nproc.out with error code: 0
[SUCCESSFULLY RUNNING COMMAND]: ./numfmt.out with error code: 0
[SUCCESSFULLY RUNNING COMMAND]: ./paste.out with error code: 0
[SUCCESSFULLY RUNNING COMMAND]: ./pathchk.out with error code: 0
[SUCCESSFULLY RUNNING COMMAND]: ./pinky.out with error code: 0
[SUCCESSFULLY RUNNING COMMAND]: ./printenv.out with error code: 0
[SUCCESSFULLY RUNNING COMMAND]: ./pwd.out with error code: 0
[FAILED RUNNING COMMAND]: ./readlink.out with error code: 1
[SUCCESSFULLY RUNNING COMMAND]: ./realpath.out with error code: 0
[FAILED ERROR CODE MISMATCH]: ./rm.out with error codes: 0 1
[FAILED ERROR CODE MISMATCH]: ./rmdir.out with error codes: 0 1
[FAILED RUNNING COMMAND]: ./runcon.out with error code: 1
[SUCCESSFULLY RUNNING COMMAND]: ./seq.out with error code: 0
[SUCCESSFULLY RUNNING COMMAND]: ./sha1sum.out with error code: 0
[SUCCESSFULLY RUNNING COMMAND]: ./sha224sum.out with error code: 0
[SUCCESSFULLY RUNNING COMMAND]: ./sha256sum.out with error code: 0
[SUCCESSFULLY RUNNING COMMAND]: ./sha384sum.out with error code: 0
[SUCCESSFULLY RUNNING COMMAND]: ./sha512sum.out with error code: 0
[SUCCESSFULLY RUNNING COMMAND]: ./shred.out with error code: 0
[SUCCESSFULLY RUNNING COMMAND]: ./shuf.out with error code: 0
[SUCCESSFULLY RUNNING COMMAND]: ./split.out with error code: 0
[FAILED RUNNING COMMAND]: ./stdbuf.out with error code: 125
[SUCCESSFULLY RUNNING COMMAND]: ./sum.out with error code: 0
[SUCCESSFULLY RUNNING COMMAND]: ./sync.out with error code: 0
[SUCCESSFULLY RUNNING COMMAND]: ./tac.out with error code: 0
[SUCCESSFULLY RUNNING COMMAND]: ./touch.out with error code: 0
[FAILED RUNNING COMMAND]: ./tr.out with error code: 1
[SUCCESSFULLY RUNNING COMMAND]: ./true.out with error code: 0
[SUCCESSFULLY RUNNING COMMAND]: ./truncate.out with error code: 0
[FAILED ERROR CODE MISMATCH]: ./tsort.out with error codes: 0 5
[SUCCESSFULLY RUNNING COMMAND]: ./tty.out with error code: 0
[SUCCESSFULLY RUNNING COMMAND]: ./uname.out with error code: 0
[SUCCESSFULLY RUNNING COMMAND]: ./unexpand.out with error code: 0
[SUCCESSFULLY RUNNING COMMAND]: ./uniq.out with error code: 0
[SUCCESSFULLY RUNNING COMMAND]: ./unlink.out with error code: 0
[SUCCESSFULLY RUNNING COMMAND]: ./uptime.out with error code: 0
[SUCCESSFULLY RUNNING COMMAND]: ./whoami.out with error code: 0
[SUCCESSFULLY RUNNING COMMAND]: ./wc.out with error code: 0
[SUCCESSFULLY RUNNING COMMAND]: ./stat.out with error code: 0
[SUCCESSFULLY RUNNING COMMAND]: ./pr.out with error code: 0
[SUCCESSFULLY RUNNING COMMAND]: ./sleep.out with error code: 0
[SUCCESSFULLY RUNNING COMMAND]: ./vdir.out with error code: 0
[FAILED ERROR CODE MISMATCH]: ./du.out with error codes: 0 5
[SUCCESSFULLY RUNNING COMMAND]: ./expr.out with error code: 0
[SUCCESSFULLY RUNNING COMMAND]: ./who.out with error code: 0
[SUCCESSFULLY RUNNING COMMAND]: ./printf.out with error code: 0
[FAILED RUNNING COMMAND]: ./df.out with error code: 1
[SUCCESSFULLY RUNNING COMMAND]: ./od.out with error code: 0
[SUCCESSFULLY RUNNING COMMAND]: ./stty.out with error code: 0
